============================= test session starts ==============================
platform darwin -- Python 3.11.9, pytest-9.1.1, pluggy-1.6.0 -- /Users/AiAction/day17-cohort4-MemorySystems4Agent/.venv/bin/python
cachedir: .pytest_cache
rootdir: /Users/AiAction/day17-cohort4-MemorySystems4Agent
plugins: langsmith-0.14.4, anyio-4.15.1
collecting ... collected 24 items

src/test_agents.py::test_user_markdown_read_write_edit PASSED            [  4%]
src/test_agents.py::test_compact_trigger PASSED                          [  8%]
src/test_agents.py::test_cross_session_recall PASSED                     [ 12%]
src/test_agents.py::test_compact_reduces_prompt_load_on_long_thread PASSED [ 16%]
src/test_agents.py::test_profile_path_stays_inside_root[../escape] PASSED [ 20%]
src/test_agents.py::test_profile_path_stays_inside_root[a/b] PASSED      [ 25%]
src/test_agents.py::test_profile_path_stays_inside_root[a b] PASSED      [ 29%]
src/test_agents.py::test_profile_path_stays_inside_root[aaaaaaaaaaaaaaaaaaaaaaaaaaaaaaaaaaaaaaaaaaaaaaaaaaaaaaaaaaaaaaaaaaaaaaaaaaaaaaaaaaaaaaaaaaaaaaaaaaaaaaaaaaaaaaaaaaaaaaaaaaaaaaaaaaaaaaaaaaaaaaaaaaaaaaaaaaaaaaaaaaaaaaaaaaaaaaaaaaaaaaaaaaaaaaaaaaaaaaaa] PASSED [ 33%]
src/test_agents.py::test_upsert_replaces_old_fact PASSED                 [ 37%]
src/test_agents.py::test_thread_cannot_be_shared_between_users[BaselineAgent] PASSED [ 41%]
src/test_agents.py::test_thread_cannot_be_shared_between_users[AdvancedAgent] PASSED [ 45%]
src/test_agents.py::test_profile_recall_matches_dataset_fields PASSED    [ 50%]
src/test_agents.py::test_normalize_provider[ OPENAI -openai] PASSED      [ 54%]
src/test_agents.py::test_normalize_provider[anthorpic-anthropic] PASSED  [ 58%]
src/test_agents.py::test_normalize_provider[google-gemini] PASSED        [ 62%]
src/test_agents.py::test_normalize_provider[ollama-ollama] PASSED        [ 66%]
src/test_agents.py::test_normalize_provider[open-router-openrouter] PASSED [ 70%]
src/test_agents.py::test_unknown_provider_is_rejected PASSED             [ 75%]
src/test_agents.py::test_recall_request_does_not_extract_profile_updates[T\xf3m t\u1eaft t\xean, ngh\u1ec1 hi\u1ec7n t\u1ea1i, m\u1ed1i quan t\xe2m, th\xfa nu\xf4i v\xe0 style tr\u1ea3 l\u1eddi.] PASSED [ 79%]
src/test_agents.py::test_recall_request_does_not_extract_profile_updates[Nh\u1eafc l\u1ea1i t\xean, n\u01a1i \u1edf hi\u1ec7n t\u1ea1i, ngh\u1ec1 nghi\u1ec7p hi\u1ec7n t\u1ea1i c\u1ee7a m\xecnh.] PASSED [ 83%]
src/test_agents.py::test_recall_request_does_not_extract_profile_updates[Ngh\u1ec1 hi\u1ec7n t\u1ea1i c\u1ee7a m\xecnh l\xe0 g\xec?] PASSED [ 87%]
src/test_agents.py::test_profession_declarations_are_still_extracted[Ngh\u1ec1 hi\u1ec7n t\u1ea1i l\xe0 MLOps engineer.] PASSED [ 91%]
src/test_agents.py::test_profession_declarations_are_still_extracted[T\xean D\u0169ngCT Stress, ngh\u1ec1 MLOps engineer, n\u01a1i \u1edf hi\u1ec7n t\u1ea1i l\xe0 \u0110\xe0 N\u1eb5ng.] PASSED [ 95%]
src/test_agents.py::test_profession_declarations_are_still_extracted[M\xecnh kh\xf4ng c\xf2n l\xe0m backend engineer n\u1eefa, gi\u1edd chuy\u1ec3n sang MLOps engineer.] PASSED [100%]

============================== 24 passed in 0.72s ==============================
